Copyright 1986-2022 Xilinx, Inc. All Rights Reserved. Copyright 2022-2023 Advanced Micro Devices, Inc. All Rights Reserved.
---------------------------------------------------------------------------------------------------------------------------------------------
| Tool Version : Vivado v.2023.2 (win64) Build 4029153 Fri Oct 13 20:14:34 MDT 2023
| Date         : Sun Jun 14 17:19:51 2026
| Host         : benson running 64-bit major release  (build 9200)
| Command      : report_utilization -file E:/Vivado/Projects/desperate_yi/MVP2_fdtd_d4s48/reports/util_impl.rpt
| Design       : fdtd_hdmi_bd_wrapper
| Device       : xc7z020clg400-1
| Speed File   : -1
| Design State : Routed
---------------------------------------------------------------------------------------------------------------------------------------------

Utilization Design Information

Table of Contents
-----------------
1. Slice Logic
1.1 Summary of Registers by Type
2. Slice Logic Distribution
3. Memory
4. DSP
5. IO and GT Specific
6. Clocking
7. Specific Feature
8. Primitives
9. Black Boxes
10. Instantiated Netlists

1. Slice Logic
--------------

+----------------------------+-------+-------+------------+-----------+-------+
|          Site Type         |  Used | Fixed | Prohibited | Available | Util% |
+----------------------------+-------+-------+------------+-----------+-------+
| Slice LUTs                 | 19601 |     0 |          0 |     53200 | 36.84 |
|   LUT as Logic             | 14798 |     0 |          0 |     53200 | 27.82 |
|   LUT as Memory            |  4803 |     0 |          0 |     17400 | 27.60 |
|     LUT as Distributed RAM |     0 |     0 |            |           |       |
|     LUT as Shift Register  |  4803 |     0 |            |           |       |
| Slice Registers            | 26433 |     0 |          0 |    106400 | 24.84 |
|   Register as Flip Flop    | 26433 |     0 |          0 |    106400 | 24.84 |
|   Register as Latch        |     0 |     0 |          0 |    106400 |  0.00 |
| F7 Muxes                   |     1 |     0 |          0 |     26600 | <0.01 |
| F8 Muxes                   |     0 |     0 |          0 |     13300 |  0.00 |
+----------------------------+-------+-------+------------+-----------+-------+
* Warning! LUT value is adjusted to account for LUT combining.


1.1 Summary of Registers by Type
--------------------------------

+-------+--------------+-------------+--------------+
| Total | Clock Enable | Synchronous | Asynchronous |
+-------+--------------+-------------+--------------+
| 0     |            _ |           - |            - |
| 0     |            _ |           - |          Set |
| 0     |            _ |           - |        Reset |
| 0     |            _ |         Set |            - |
| 0     |            _ |       Reset |            - |
| 0     |          Yes |           - |            - |
| 2     |          Yes |           - |          Set |
| 8     |          Yes |           - |        Reset |
| 610   |          Yes |         Set |            - |
| 25813 |          Yes |       Reset |            - |
+-------+--------------+-------------+--------------+


2. Slice Logic Distribution
---------------------------

+--------------------------------------------+-------+-------+------------+-----------+-------+
|                  Site Type                 |  Used | Fixed | Prohibited | Available | Util% |
+--------------------------------------------+-------+-------+------------+-----------+-------+
| Slice                                      |  7294 |     0 |          0 |     13300 | 54.84 |
|   SLICEL                                   |  4563 |     0 |            |           |       |
|   SLICEM                                   |  2731 |     0 |            |           |       |
| LUT as Logic                               | 14798 |     0 |          0 |     53200 | 27.82 |
|   using O5 output only                     |   475 |       |            |           |       |
|   using O6 output only                     | 11660 |       |            |           |       |
|   using O5 and O6                          |  2663 |       |            |           |       |
| LUT as Memory                              |  4803 |     0 |          0 |     17400 | 27.60 |
|   LUT as Distributed RAM                   |     0 |     0 |            |           |       |
|   LUT as Shift Register                    |  4803 |     0 |            |           |       |
|     using O5 output only                   |    90 |       |            |           |       |
|     using O6 output only                   |  2049 |       |            |           |       |
|     using O5 and O6                        |  2664 |       |            |           |       |
| Slice Registers                            | 26433 |     0 |          0 |    106400 | 24.84 |
|   Register driven from within the Slice    | 16594 |       |            |           |       |
|   Register driven from outside the Slice   |  9839 |       |            |           |       |
|     LUT in front of the register is unused |  6107 |       |            |           |       |
|     LUT in front of the register is used   |  3732 |       |            |           |       |
| Unique Control Sets                        |   153 |       |          0 |     13300 |  1.15 |
+--------------------------------------------+-------+-------+------------+-----------+-------+
* * Note: Available Control Sets calculated as Slice * 1, Review the Control Sets Report for more information regarding control sets.


3. Memory
---------

+-------------------+------+-------+------------+-----------+-------+
|     Site Type     | Used | Fixed | Prohibited | Available | Util% |
+-------------------+------+-------+------------+-----------+-------+
| Block RAM Tile    |  115 |     0 |          0 |       140 | 82.14 |
|   RAMB36/FIFO*    |  115 |     0 |          0 |       140 | 82.14 |
|     RAMB36E1 only |  115 |       |            |           |       |
|   RAMB18          |    0 |     0 |          0 |       280 |  0.00 |
+-------------------+------+-------+------------+-----------+-------+
* Note: Each Block RAM Tile only has one FIFO logic available and therefore can accommodate only one FIFO36E1 or one FIFO18E1. However, if a FIFO18E1 occupies a Block RAM Tile, that tile can still accommodate a RAMB18E1


4. DSP
------

+----------------+------+-------+------------+-----------+-------+
|    Site Type   | Used | Fixed | Prohibited | Available | Util% |
+----------------+------+-------+------------+-----------+-------+
| DSPs           |  209 |     0 |          0 |       220 | 95.00 |
|   DSP48E1 only |  209 |       |            |           |       |
+----------------+------+-------+------------+-----------+-------+


5. IO and GT Specific
---------------------

+-----------------------------+------+-------+------------+-----------+--------+
|          Site Type          | Used | Fixed | Prohibited | Available |  Util% |
+-----------------------------+------+-------+------------+-----------+--------+
| Bonded IOB                  |   10 |    10 |          0 |       125 |   8.00 |
|   IOB Master Pads           |    6 |       |            |           |        |
|   IOB Slave Pads            |    4 |       |            |           |        |
| Bonded IPADs                |    0 |     0 |          0 |         2 |   0.00 |
| Bonded IOPADs               |  130 |   130 |          0 |       130 | 100.00 |
| PHY_CONTROL                 |    0 |     0 |          0 |         4 |   0.00 |
| PHASER_REF                  |    0 |     0 |          0 |         4 |   0.00 |
| OUT_FIFO                    |    0 |     0 |          0 |        16 |   0.00 |
| IN_FIFO                     |    0 |     0 |          0 |        16 |   0.00 |
| IDELAYCTRL                  |    0 |     0 |          0 |         4 |   0.00 |
| IBUFDS                      |    0 |     0 |          0 |       121 |   0.00 |
| PHASER_OUT/PHASER_OUT_PHY   |    0 |     0 |          0 |        16 |   0.00 |
| PHASER_IN/PHASER_IN_PHY     |    0 |     0 |          0 |        16 |   0.00 |
| IDELAYE2/IDELAYE2_FINEDELAY |    0 |     0 |          0 |       200 |   0.00 |
| ILOGIC                      |    0 |     0 |          0 |       125 |   0.00 |
| OLOGIC                      |    8 |     8 |          0 |       125 |   6.40 |
|   OSERDES                   |    8 |     8 |          0 |       125 |        |
+-----------------------------+------+-------+------------+-----------+--------+


6. Clocking
-----------

+------------+------+-------+------------+-----------+-------+
|  Site Type | Used | Fixed | Prohibited | Available | Util% |
+------------+------+-------+------------+-----------+-------+
| BUFGCTRL   |    6 |     0 |          0 |        32 | 18.75 |
| BUFIO      |    0 |     0 |          0 |        16 |  0.00 |
| MMCME2_ADV |    1 |     0 |          0 |         4 | 25.00 |
| PLLE2_ADV  |    0 |     0 |          0 |         4 |  0.00 |
| BUFMRCE    |    0 |     0 |          0 |         8 |  0.00 |
| BUFHCE     |    0 |     0 |          0 |        72 |  0.00 |
| BUFR       |    0 |     0 |          0 |        16 |  0.00 |
+------------+------+-------+------------+-----------+-------+


7. Specific Feature
-------------------

+-------------+------+-------+------------+-----------+-------+
|  Site Type  | Used | Fixed | Prohibited | Available | Util% |
+-------------+------+-------+------------+-----------+-------+
| BSCANE2     |    0 |     0 |          0 |         4 |  0.00 |
| CAPTUREE2   |    0 |     0 |          0 |         1 |  0.00 |
| DNA_PORT    |    0 |     0 |          0 |         1 |  0.00 |
| EFUSE_USR   |    0 |     0 |          0 |         1 |  0.00 |
| FRAME_ECCE2 |    0 |     0 |          0 |         1 |  0.00 |
| ICAPE2      |    0 |     0 |          0 |         2 |  0.00 |
| STARTUPE2   |    0 |     0 |          0 |         1 |  0.00 |
| XADC        |    0 |     0 |          0 |         1 |  0.00 |
+-------------+------+-------+------------+-----------+-------+


8. Primitives
-------------

+------------+-------+----------------------+
|  Ref Name  |  Used |  Functional Category |
+------------+-------+----------------------+
| FDRE       | 25813 |         Flop & Latch |
| SRL16E     |  7410 |   Distributed Memory |
| LUT2       |  4717 |                  LUT |
| LUT4       |  4476 |                  LUT |
| LUT6       |  3010 |                  LUT |
| LUT3       |  2630 |                  LUT |
| CARRY4     |  2582 |           CarryLogic |
| LUT5       |  1684 |                  LUT |
| LUT1       |   944 |                  LUT |
| FDSE       |   610 |         Flop & Latch |
| DSP48E1    |   209 |     Block Arithmetic |
| BIBUF      |   130 |                   IO |
| RAMB36E1   |   115 |         Block Memory |
| SRLC32E    |    57 |   Distributed Memory |
| OSERDESE2  |     8 |                   IO |
| FDCE       |     8 |         Flop & Latch |
| BUFG       |     6 |                Clock |
| OBUFDS     |     4 |                   IO |
| IBUF       |     2 |                   IO |
| FDPE       |     2 |         Flop & Latch |
| PS7        |     1 | Specialized Resource |
| MUXF7      |     1 |                MuxFx |
| MMCME2_ADV |     1 |                Clock |
+------------+-------+----------------------+


9. Black Boxes
--------------

+----------+------+
| Ref Name | Used |
+----------+------+


10. Instantiated Netlists
-------------------------

+----------+------+
| Ref Name | Used |
+----------+------+


